src/app/api/payouts/withdraw/route.ts(42,53): error TS2345: Argument of type '{ p_user_id: string; p_amount_delta: number; }' is not assignable to parameter of type 'undefined'.
src/app/api/payouts/withdraw/route.ts(110,51): error TS2345: Argument of type '{ p_user_id: string; p_amount_delta: number; }' is not assignable to parameter of type 'undefined'.
src/components/pools/CreatePoolWizard.tsx(108,37): error TS2339: Property 'username' does not exist on type 'never'.
src/components/pools/CreatePoolWizard.tsx(109,37): error TS2339: Property 'whatsapp_number' does not exist on type 'never'.
src/components/pools/CreatePoolWizard.tsx(126,10): error TS2769: No overload matches this call.
  Overload 1 of 2, '(values: never, options?: { count?: "exact" | "planned" | "estimated" | undefined; } | undefined): PostgrestFilterBuilder<{ PostgrestVersion: "12"; }, never, never, null, "pools", never, "POST">', gave the following error.
    Argument of type '{ invite_token: string | null; id?: string; host_id: string; host_username?: string | null; host_whatsapp?: string | null; service_name: string; category: string; price_per_seat: number; ... 4 more ...; created_at?: string; }' is not assignable to parameter of type 'never'.
  Overload 2 of 2, '(values: never[], options?: { count?: "exact" | "planned" | "estimated" | undefined; defaultToNull?: boolean | undefined; } | undefined): PostgrestFilterBuilder<{ PostgrestVersion: "12"; }, never, never, null, "pools", never, "POST">', gave the following error.
    Object literal may only specify known properties, and 'invite_token' does not exist in type 'never[]'.
src/components/pools/CreatePoolWizard.tsx(146,17): error TS2769: No overload matches this call.
  Overload 1 of 2, '(values: never, options?: { count?: "exact" | "planned" | "estimated" | undefined; } | undefined): PostgrestFilterBuilder<{ PostgrestVersion: "12"; }, never, never, null, "pool_credentials", never, "POST">', gave the following error.
    Argument of type '{ pool_id: string; encrypted_data: string; iv: string; created_at?: string | undefined; }' is not assignable to parameter of type 'never'.
  Overload 2 of 2, '(values: never[], options?: { count?: "exact" | "planned" | "estimated" | undefined; defaultToNull?: boolean | undefined; } | undefined): PostgrestFilterBuilder<{ PostgrestVersion: "12"; }, never, never, null, "pool_credentials", never, "POST">', gave the following error.
    Argument of type '{ pool_id: string; encrypted_data: string; iv: string; created_at?: string | undefined; }' is not assignable to parameter of type 'never[]'.
      Type '{ pool_id: string; encrypted_data: string; iv: string; created_at?: string | undefined; }' is missing the following properties from type 'never[]': length, pop, push, concat, and 35 more.
